
> kiranam-backend@1.0.0 dev
> nodemon --ignore uploads/ server.js

[33m[nodemon] 3.1.14[39m
[33m[nodemon] to restart at any time, enter `rs`[39m
[33m[nodemon] watching path(s): *.*[39m
[33m[nodemon] watching extensions: js,mjs,cjs,json[39m
[32m[nodemon] starting `node server.js`[39m
📁 Loaded persistent mock database from uploads/mockDb.json
⚠️ No DATABASE_URL specified in env. Using In-Memory fallback database.
💬 WhatsApp Service: Twilio credentials not found in env. Running in Sandbox Visual Logger Mode.
📁 Using local disk storage (/uploads) for uploaded images.
✅ In-memory database pre-loaded with Bangalore HSR Layout shops and demo users.
🚀 Kiranam Backend Server is running on port 5001
📡 WebSocket server initialized and broadcasting
🔌 Client connected: p2jwvW2XsxtGZa0uAAAB
👤 User registered on socket: 45 (Room: user_45)
🏪 Socket p2jwvW2XsxtGZa0uAAAB joined shop room: shop_21
🔌 Client connected: IelwysEW4DZGwoBgAAAD
👤 User registered on socket: 45 (Room: user_45)
🏪 Socket IelwysEW4DZGwoBgAAAD joined shop room: shop_21
🔌 Client disconnected: p2jwvW2XsxtGZa0uAAAB
🔔 Notification Engine: Processing event "signup" for user "rajesh" (Online: false)
ℹ️ WhatsApp Dispatch skipped for User #46. Number: null, Verified: false
📬 Email Service: Initializing SMTP Transporter using custom credentials...
❌ Failed to dispatch email: self-signed certificate in certificate chain
💾 Saved notification log to database: ID #59 (Channel: Email)
🔌 Client connected: EvC-sLK0EYJs-wQMAAAG
👤 User registered on socket: 46 (Room: user_46)
🏪 Socket EvC-sLK0EYJs-wQMAAAG joined shop room: shop_22
✉️ [EMAIL OTP SIMULATOR] Code for rajesh@gmail.com is: 6709
❌ Failed to dispatch email: self-signed certificate in certificate chain
🔌 Client disconnected: EvC-sLK0EYJs-wQMAAAG
🔔 Notification Engine: Processing event "signup" for user "mykiranam" (Online: false)
ℹ️ WhatsApp Dispatch skipped for User #47. Number: null, Verified: false
❌ Failed to dispatch email: self-signed certificate in certificate chain
💾 Saved notification log to database: ID #60 (Channel: Email)
🔌 Client connected: D-j6onJmAZmh7_ntAAAI
👤 User registered on socket: 47 (Room: user_47)
🔌 Client disconnected: D-j6onJmAZmh7_ntAAAI
🔌 Client connected: LBSRGfN02P4h2VN2AAAK
👤 User registered on socket: 47 (Room: user_47)
🏪 Socket LBSRGfN02P4h2VN2AAAK joined shop room: shop_23
✉️ [EMAIL OTP SIMULATOR] Code for mykiranam.in@gmail.com is: 7437
❌ Failed to dispatch email: self-signed certificate in certificate chain
🔌 Client disconnected: LBSRGfN02P4h2VN2AAAK
🔌 Client connected: tU0ytwYOP5gp_WaLAAAM
👤 User registered on socket: 47 (Room: user_47)
🏪 Socket tU0ytwYOP5gp_WaLAAAM joined shop room: shop_23
[32m[nodemon] restarting due to changes...[39m
[32m[nodemon] starting `node server.js`[39m
📁 Loaded persistent mock database from uploads/mockDb.json
⚠️ No DATABASE_URL specified in env. Using In-Memory fallback database.
💬 WhatsApp Service: Twilio credentials not found in env. Running in Sandbox Visual Logger Mode.
📁 Using local disk storage (/uploads) for uploaded images.
✅ In-memory database pre-loaded with Bangalore HSR Layout shops and demo users.
🚀 Kiranam Backend Server is running on port 5001
📡 WebSocket server initialized and broadcasting
🔌 Client connected: S3TDfUAo34FhFimqAAAB
👤 User registered on socket: 47 (Room: user_47)
🏪 Socket S3TDfUAo34FhFimqAAAB joined shop room: shop_23
🔌 Client disconnected: S3TDfUAo34FhFimqAAAB
🔌 Client connected: 3TrCjzB5hy_MdDTUAAAD
👤 User registered on socket: 47 (Room: user_47)
🏪 Socket 3TrCjzB5hy_MdDTUAAAD joined shop room: shop_23
🔌 Client connected: dM1-lkzjnA0XDZkXAAAF
👤 User registered on socket: 45 (Room: user_45)
🏪 Socket dM1-lkzjnA0XDZkXAAAF joined shop room: shop_21

[32m╔════════════════════════════════════════════════════════════╗
║ 💬 WHATSAPP SIMULATION LOG [4:04:45 pm]
╠════════════════════════════════════════════════════════════╣
║ Recipient:  whatsapp:918096984688
║ Event:      WHATSAPP VERIFICATION OTP
║
║ TEXT MESSAGE:
║ "Your Kiranam.in verification code is: 412413.

This OTP is valid for 10 minutes. Do not share this with anyone."
╚════════════════════════════════════════════════════════════╝[0m

✉️ [EMAIL OTP SIMULATOR] Code for mykiranam.in@gmail.com is: 4746
📬 Email Service: Initializing SMTP Transporter using custom credentials...
✉️ Email sent successfully! MessageID: <ea35b1d4-202a-bc35-1232-5c93af342d2f@kiranam.in>
🔌 Client disconnected: 3TrCjzB5hy_MdDTUAAAD
🔌 Client connected: 4eT-V8pACX4wp00ZAAAH
🔌 Client disconnected: 4eT-V8pACX4wp00ZAAAH
🔌 Client connected: KsBSAXWL4yN9XfdxAAAJ
👤 User registered on socket: 47 (Room: user_47)
🏪 Socket KsBSAXWL4yN9XfdxAAAJ joined shop room: shop_23
🔌 Client disconnected: KsBSAXWL4yN9XfdxAAAJ
🔌 Client connected: fomy19k1iskjGOTUAAAL
👤 User registered on socket: 47 (Room: user_47)
🏪 Socket fomy19k1iskjGOTUAAAL joined shop room: shop_23
[32m[nodemon] restarting due to changes...[39m
[32m[nodemon] starting `node server.js`[39m
📁 Loaded persistent mock database from uploads/mockDb.json
⚠️ No DATABASE_URL specified in env. Using In-Memory fallback database.
💬 WhatsApp Service: Twilio credentials not found in env. Running in Sandbox Visual Logger Mode.
📁 Using local disk storage (/uploads) for uploaded images.
✅ In-memory database pre-loaded with Bangalore HSR Layout shops and demo users.
🚀 Kiranam Backend Server is running on port 5001
📡 WebSocket server initialized and broadcasting
🔌 Client connected: i_nriJQ1BXCmcGE0AAAC
🔌 Client connected: oMIbcCGdZYmDjMCMAAAD
👤 User registered on socket: 45 (Room: user_45)
🏪 Socket oMIbcCGdZYmDjMCMAAAD joined shop room: shop_21
👤 User registered on socket: 47 (Room: user_47)
🏪 Socket i_nriJQ1BXCmcGE0AAAC joined shop room: shop_23
